// Jest Snapshot v1, https://goo.gl/fbAQLP

exports[`<AudioPlayerVolumeBox /> should match to snapshot when render default 1`] = `
<div
  className="AudioPlayerVolumeBox col-xs-4"
>
  <button
    className="AudioPlayerVolumeBox__mute-btn"
    onClick={[Function]}
    type="button"
  >
    <i
      className="fa fa-volume-off"
      data-name="volume-icon"
    />
  </button>
  <div
    className="AudioPlayerVolumeBox__volume-controller range__container"
  >
    <input
      className="range"
      onChange={[Function]}
      type="range"
      value={0}
    />
  </div>
  <span
    className="AudioPlayerVolumeBox__volume"
  >
    0
  </span>
</div>
`;
